fichier /workspace/work/medina-qa/fragments/MEDINA_S01_cardiovasculaire.html taille 9480694
compression : 9480694 → 4572093 octets ; 1765 gabarits
fichier /workspace/work/medina-qa/fragments/MEDINA_S02_respiratoire.html taille 2899794
compression : 2899794 → 1739347 octets ; 402 gabarits
fichier /workspace/work/medina-qa/fragments/MEDINA_S03_digestif-hepatobiliaire.html taille 1468347
fichier /workspace/work/medina-qa/fragments/MEDINA_S04_renal-voies-urinaires.html taille 1161006
fichier /workspace/work/medina-qa/fragments/MEDINA_S05_endocrinien-metabolique.html taille 1301774
fichier /workspace/work/medina-qa/fragments/MEDINA_S06_hematopoietique-lymphatique.html taille 1227786
fichier /workspace/work/medina-qa/fragments/MEDINA_S07_immunitaire.html taille 1480659
compression : 1480659 → 1176784 octets ; 124 gabarits
fichier /workspace/work/medina-qa/fragments/MEDINA_S08_nerveux.html taille 1512289
fichier /workspace/work/medina-qa/fragments/MEDINA_S10_locomoteur.html taille 1511569
compression : 1511569 → 1458796 octets ; 30 gabarits
fichier /workspace/work/medina-qa/fragments/MEDINA_S11_tegumentaire.html taille 1335638
fichier /workspace/work/medina-qa/fragments/MEDINA_S12_orl-cervico-facial.html taille 1315795
fichier /workspace/work/medina-qa/fragments/MEDINA_S13_visuel.html taille 1265598
fichier /workspace/work/medina-qa/fragments/MEDINA_S14_reproducteur-feminin-sein.html taille 1230187
fichier /workspace/work/medina-qa/fragments/MEDINA_S15_reproducteur-masculin.html taille 1233498
fichier /workspace/work/medina-qa/fragments/MEDINA_S16_grossesse-perinatal.html taille 1474397
fichier /workspace/work/medina-qa/fragments/MEDINA_T1_agents-therapeutique.html taille 1894209
compression : 1894209 → 1552025 octets ; 85 gabarits
fichier /workspace/work/medina-qa/fragments/MEDINA_T2_ages-de-la-vie.html taille 1041862
fichier /workspace/work/medina-qa/fragments/MEDINA_T3_soins-aigus.html taille 1639471
fichier /workspace/work/medina-qa/fragments/MEDINA_T4_oncologie-genetique-palliatif.html taille 1244228
fichier /workspace/work/medina-qa/fragments/MEDINA_T5_diagnostic.html taille 1041952
fichier /workspace/work/medina-qa/fragments/MEDINA_T6_premier-recours-societe.html taille 1529895
fichier /workspace/work/medina-qa/fragments/MEDINA_T7_ethique-droit-communication.html taille 1041927
