fichier dist/atomic-lot4/fragments/MEDINA_S01_cardiovasculaire.html taille 8101478
compression : 8101478 → 4039235 octets ; 1675 gabarits
fichier dist/atomic-lot4/fragments/MEDINA_S02_respiratoire.html taille 2891646
compression : 2891646 → 1719081 octets ; 402 gabarits
fichier dist/atomic-lot4/fragments/MEDINA_S03_digestif-hepatobiliaire.html taille 1445875
fichier dist/atomic-lot4/fragments/MEDINA_S04_renal-voies-urinaires.html taille 1138534
fichier dist/atomic-lot4/fragments/MEDINA_S05_endocrinien-metabolique.html taille 1279302
fichier dist/atomic-lot4/fragments/MEDINA_S06_hematopoietique-lymphatique.html taille 1205314
fichier dist/atomic-lot4/fragments/MEDINA_S07_immunitaire.html taille 1459977
compression : 1459977 → 1154284 octets ; 124 gabarits
fichier dist/atomic-lot4/fragments/MEDINA_S08_nerveux.html taille 1489817
fichier dist/atomic-lot4/fragments/MEDINA_S10_locomoteur.html taille 1489330
compression : 1489330 → 1436300 octets ; 30 gabarits
fichier dist/atomic-lot4/fragments/MEDINA_S11_tegumentaire.html taille 1313166
fichier dist/atomic-lot4/fragments/MEDINA_S12_orl-cervico-facial.html taille 1293323
fichier dist/atomic-lot4/fragments/MEDINA_S13_visuel.html taille 1243126
fichier dist/atomic-lot4/fragments/MEDINA_S14_reproducteur-feminin-sein.html taille 1207715
fichier dist/atomic-lot4/fragments/MEDINA_S15_reproducteur-masculin.html taille 1211026
fichier dist/atomic-lot4/fragments/MEDINA_S16_grossesse-perinatal.html taille 1451925
fichier dist/atomic-lot4/fragments/MEDINA_T1_agents-therapeutique.html taille 1739447
compression : 1739447 → 1485079 octets ; 74 gabarits
fichier dist/atomic-lot4/fragments/MEDINA_T2_ages-de-la-vie.html taille 1019390
fichier dist/atomic-lot4/fragments/MEDINA_T3_soins-aigus.html taille 1616999
fichier dist/atomic-lot4/fragments/MEDINA_T4_oncologie-genetique-palliatif.html taille 1221756
fichier dist/atomic-lot4/fragments/MEDINA_T5_diagnostic.html taille 1019480
fichier dist/atomic-lot4/fragments/MEDINA_T6_premier-recours-societe.html taille 1507423
fichier dist/atomic-lot4/fragments/MEDINA_T7_ethique-droit-communication.html taille 1019455
